gameType: Beginner
numPlayers: 4
language: English
