TerrainType: FORREST
DieNumber: 9
HasRobber: false
