TerrainType: MOUNTAINS
DieNumber: 10
HasRobber: false
