TerrainType: FORREST
DieNumber: 8
HasRobber: false
VertexIDs: [28, 29, 30, 38, 39, 40]
