WOOL: NONE
GRAIN: NONE
ORE: NONE
LUMBER: NONE
BRICK: NONE
