TerrainType: PASTURE
DieNumber: 5
HasRobber: false
VertexIDs: [34, 35, 36, 44, 45, 46]
