TerrainType: FIELDS
DieNumber: 12
HasRobber: false
