TerrainOrder: [FIELDS, FIELDS, DESERT, PASTURE, FORREST, MOUNTAINS, MOUNTAINS, FORREST, HILLS, PASTURE, FIELDS, FORREST, HILLS, PASTURE, MOUNTAINS, FIELDS, PASTURE, HILLS, FORREST]
DieOrder: [8, 5, 11, 8, 4, 3, 6, 7, 9, 3, 12, 2, 10, 5, 9, 4, 10, 6, 11]
RobberTileNum: 2
