TerrainType: FORREST
DieNumber: 2
HasRobber: false
VertexIDs: [24, 25, 26, 35, 36, 37]
