DevCards: [ROAD, KNIGHT, ROAD, PLENTY, VICTORY, MONOPOLY, VICTORY, KNIGHT, KNIGHT, KNIGHT, VICTORY, PLENTY, KNIGHT, KNIGHT, VICTORY, KNIGHT, KNIGHT, KNIGHT, MONOPOLY, KNIGHT, KNIGHT, KNIGHT, KNIGHT, VICTORY, KNIGHT]
