TerrainType: PASTURE
DieNumber: 10
HasRobber: false
VertexIDs: [39, 40, 41, 47, 48, 49]
