TerrainType: HILLS
DieNumber: 10
HasRobber: false
