TerrainType: PASTURE
DieNumber: 4
HasRobber: false
VertexIDs: [11, 12, 13, 21, 22, 23]
