TerrainType: FORREST
DieNumber: 11
HasRobber: false
