TerrainType: FORREST
DieNumber: 11
HasRobber: false
VertexIDs: [18, 19, 20, 29, 30, 31]
