TerrainType: FORREST
DieNumber: 4
HasRobber: false
VertexIDs: [9, 10, 11, 19, 20, 21]
