LUMBER: NONE
GRAIN: NONE
WOOL: NONE
BRICK: NONE
ORE: NONE
