DevCards: [KNIGHT, VICTORY, VICTORY, PLENTY, MONOPOLY, KNIGHT, PLENTY, KNIGHT, VICTORY, KNIGHT, KNIGHT, VICTORY, KNIGHT, KNIGHT, KNIGHT, VICTORY, MONOPOLY, KNIGHT, KNIGHT, KNIGHT, ROAD, KNIGHT, ROAD, KNIGHT, KNIGHT]
