BRICK: NONE
WOOL: NONE
LUMBER: NONE
ORE: NONE
GRAIN: NONE
