TerrainType: MOUNTAINS
DieNumber: 6
HasRobber: false
VertexIDs: [13, 14, 15, 23, 24, 25]
