TerrainType: PASTURE
DieNumber: 11
HasRobber: false
VertexIDs: [43, 44, 45, 51, 52, 53]
