TerrainType: MOUNTAINS
DieNumber: 8
HasRobber: false
