TerrainType: MOUNTAINS
DieNumber: 3
HasRobber: false
VertexIDs: [30, 31, 32, 40, 41, 42]
