TerrainType: PASTURE
DieNumber: 11
HasRobber: false
