TerrainType: MOUNTAINS
DieNumber: 3
HasRobber: false
