gameType: Advanced
numPlayers: 4
language: English
